[dotenv@17.2.3] injecting env (7) from .env -- tip: Ô£à audit secrets and track compliance: https://dotenvx.com/ops
1. Test SearXNG...
SearXNG OK: 26 r├®sultats
2. Test OpenRouter...
OpenRouter Response: {"error":{"message":"google/gemini-2.0-pro-exp-02-05:free is not a valid model ID","code":400},"user_id":"user_2t5G9t3kfiAv7n7J9Si92RkALhl"}
